<html>
<body>
<pre>
<h1>µVision Build Log</h1>
<h2>Tool Versions:</h2>
IDE-Version: ¦ÌVision V5.36.0.0
Copyright (C) 2021 ARM Ltd and ARM Germany GmbH. All rights reserved.
License Information: XQJ xqj8595, NI, LIC=AK1BF-6BDK5-9ZTWW-QJMBZ-4TU5E-ZI3HG
 
Tool Versions:
Toolchain:       MDK-ARM Professional  Version: 5.36.0.0
Toolchain Path:  C:\Keil_v5\ARM\ARMCLANG\Bin
C Compiler:      ArmClang.exe V6.16
Assembler:       Armasm.exe V6.16
Linker/Locator:  ArmLink.exe V6.16
Library Manager: ArmAr.exe V6.16
Hex Converter:   FromElf.exe V6.16
CPU DLL:         SARMCM3.DLL V5.36.0.0
Dialog DLL:      DCM.DLL V1.17.3.0
Target DLL:      Segger\JL2CM3.dll V2.99.40.0
Dialog DLL:      TCM.DLL V1.53.0.0
 
<h2>Project:</h2>
D:\A-Develop\STM32-Soft\7-HT_Probe_0_2\HT_Probe_0_2.uvprojx
Project File Date:  04/02/2022

<h2>Output:</h2>
*** Using Compiler 'V6.16', folder: 'C:\Keil_v5\ARM\ARMCLANG\Bin'
Build target 'Target 1'
compiling UserApp.c...
compiling main.c...
linking...
Program Size: Code=51052 RO-data=908 RW-data=176 ZI-data=56336  
".\Objects\HT_Probe_0_2.axf" - 0 Error(s), 0 Warning(s).

<h2>Software Packages used:</h2>

Package Vendor: ARM
                http://www.keil.com/pack/ARM.CMSIS.5.8.0.pack
                ARM.CMSIS.5.8.0
                CMSIS (Common Microcontroller Software Interface Standard)
   * Component: RTOS2 Version: 2.1.3
   * Component: CORE Version: 5.5.0
   * Component: DSP Variant: Source Version: 1.9.0-dev
   * Component: Keil RTX5 Variant: Source Version: 5.5.3

Package Vendor: Keil
                https://www.keil.com/pack/Keil.ARM_Compiler.1.7.1.pack
                Keil.ARM_Compiler.1.7.1
                Keil ARM Compiler extensions for ARM Compiler 5 and ARM Compiler 6
   * Component: Event Recorder Variant: DAP Version: 1.5.1
   * Component: STDOUT Variant: EVR Version: 1.2.0

Package Vendor: Keil
                project-path/Keil.FrameworkCubeMX.1.0.0.pack
                Keil.FrameworkCubeMX.1.0.0
                STM32CubeMX generated pack description
   * Component: STM32CubeMX Version: 1.4.0
   * Component: Startup Version: 1.4.0

Package Vendor: Keil
                http://www.keil.com/pack/Keil.STM32G4xx_DFP.1.4.0.pack
                Keil.STM32G4xx_DFP.1.4.0
                STMicroelectronics STM32G4 Series Device Support, Drivers and Examples
   * Component: STM32Cube Framework Version: 1.1.0
   * Component: STM32Cube HAL Version: 1.4.0

<h2>Collection of Component include folders:</h2>
  .\RTE\CMSIS
  .\RTE\Compiler
  .\RTE\Device\STM32G474VETx
  .\RTE\Device\STM32G474VETx\STCubeGenerated
  .\RTE\Device\STM32G474VETx\STCubeGenerated\Inc
  .\RTE\_Target_1
  C:\Keil_v5\ARM\PACK\ARM\CMSIS\5.8.0\CMSIS\Core\Include
  C:\Keil_v5\ARM\PACK\ARM\CMSIS\5.8.0\CMSIS\DSP\Include
  C:\Keil_v5\ARM\PACK\ARM\CMSIS\5.8.0\CMSIS\DSP\PrivateInclude
  C:\Keil_v5\ARM\PACK\ARM\CMSIS\5.8.0\CMSIS\RTOS2\Include
  C:\Keil_v5\ARM\PACK\ARM\CMSIS\5.8.0\CMSIS\RTOS2\RTX\Include
  C:\Keil_v5\ARM\PACK\Keil\ARM_Compiler\1.7.1\Include
  C:\Keil_v5\ARM\PACK\Keil\STM32G4xx_DFP\1.4.0\Drivers\CMSIS\Device\ST\STM32G4xx\Include
  C:\Keil_v5\ARM\PACK\Keil\STM32G4xx_DFP\1.4.0\Drivers\STM32G4xx_HAL_Driver\Inc

<h2>Collection of Component Files used:</h2>

   * Component: ::CMSIS:RTOS2:2.1.3 (API)
      Include file:  CMSIS\RTOS2\Include\cmsis_os2.h

   * Component: ::Device:STM32Cube Framework:1.1.0 (API)

   * Component: ARM::CMSIS:CORE:5.5.0

   * Component: ARM::CMSIS:DSP:Source:1.9.0-dev
      Include file:  CMSIS\DSP\Include\arm_common_tables_f16.h
      Include file:  CMSIS\DSP\Include\arm_math_f16.h
      Include file:  CMSIS\DSP\Include\arm_common_tables.h
      Include file:  CMSIS\DSP\Include\arm_const_structs.h
      Source file:   CMSIS\DSP\Source\BasicMathFunctions\BasicMathFunctions.c
      Source file:   CMSIS\DSP\Source\QuaternionMathFunctions\QuaternionMathFunctions.c
      Source file:   CMSIS\DSP\Source\BayesFunctions\BayesFunctions.c
      Source file:   CMSIS\DSP\Source\CommonTables\CommonTables.c
      Source file:   CMSIS\DSP\Source\ComplexMathFunctions\ComplexMathFunctions.c
      Source file:   CMSIS\DSP\Source\ControllerFunctions\ControllerFunctions.c
      Include file:  CMSIS\DSP\Include\arm_const_structs_f16.h
      Include file:  CMSIS\DSP\Include\arm_math.h
      Source file:   CMSIS\DSP\Source\InterpolationFunctions\InterpolationFunctions.c
      Source file:   CMSIS\DSP\Source\DistanceFunctions\DistanceFunctions.c
      Source file:   CMSIS\DSP\Source\StatisticsFunctions\StatisticsFunctions.c
      Source file:   CMSIS\DSP\Source\SupportFunctions\SupportFunctions.c
      Source file:   CMSIS\DSP\Source\FastMathFunctions\FastMathFunctionsF16.c
      Source file:   CMSIS\DSP\Source\SVMFunctions\SVMFunctionsF16.c
      Source file:   CMSIS\DSP\Source\TransformFunctions\TransformFunctions.c
      Source file:   CMSIS\DSP\Source\FilteringFunctions\FilteringFunctionsF16.c
      Source file:   CMSIS\DSP\Source\InterpolationFunctions\InterpolationFunctionsF16.c
      Source file:   CMSIS\DSP\Source\CommonTables\CommonTablesF16.c
      Source file:   CMSIS\DSP\Source\MatrixFunctions\MatrixFunctions.c
      Source file:   CMSIS\DSP\Source\MatrixFunctions\MatrixFunctionsF16.c
      Source file:   CMSIS\DSP\Source\SupportFunctions\SupportFunctionsF16.c
      Source file:   CMSIS\DSP\Source\BayesFunctions\BayesFunctionsF16.c
      Source file:   CMSIS\DSP\Source\SVMFunctions\SVMFunctions.c
      Source file:   CMSIS\DSP\Source\FastMathFunctions\FastMathFunctions.c
      Source file:   CMSIS\DSP\Source\FilteringFunctions\FilteringFunctions.c
      Source file:   CMSIS\DSP\Source\ComplexMathFunctions\ComplexMathFunctionsF16.c
      Source file:   CMSIS\DSP\Source\StatisticsFunctions\StatisticsFunctionsF16.c
      Source file:   CMSIS\DSP\Source\BasicMathFunctions\BasicMathFunctionsF16.c
      Source file:   CMSIS\DSP\Source\DistanceFunctions\DistanceFunctionsF16.c
      Source file:   CMSIS\DSP\Source\TransformFunctions\TransformFunctionsF16.c

   * Component: ARM::CMSIS:RTOS2:Keil RTX5:Source:5.5.3
      Include file:  CMSIS\RTOS2\RTX\Include\rtx_os.h
      Include file:  CMSIS\RTOS2\RTX\Config\RTX_Config.h
      Source file:   CMSIS\RTOS2\RTX\Source\rtx_mempool.c
      Source file:   CMSIS\RTOS2\RTX\Template\MemPool.c
      Source file:   CMSIS\RTOS2\RTX\Source\rtx_semaphore.c
      Source file:   CMSIS\RTOS2\RTX\Source\rtx_thread.c
      Source file:   CMSIS\RTOS2\RTX\Template\main.c
      Source file:   CMSIS\RTOS2\RTX\Source\rtx_kernel.c
      Source file:   CMSIS\RTOS2\RTX\Source\rtx_delay.c
      Source file:   CMSIS\RTOS2\RTX\Config\RTX_Config.c
      Source file:   CMSIS\RTOS2\RTX\Source\rtx_evr.c
      Source file:   CMSIS\RTOS2\RTX\Template\Events.c
      Source file:   CMSIS\RTOS2\RTX\Template\svc_user.c
      Source file:   CMSIS\RTOS2\RTX\Source\rtx_timer.c
      Source file:   CMSIS\RTOS2\RTX\Template\Mutex.c
      Source file:   CMSIS\RTOS2\RTX\Template\Thread.c
      Source file:   CMSIS\RTOS2\RTX\Source\rtx_evflags.c
      Source file:   CMSIS\RTOS2\RTX\Source\rtx_mutex.c
      Source file:   CMSIS\RTOS2\RTX\Source\rtx_memory.c
      Source file:   CMSIS\RTOS2\RTX\Source\rtx_msgqueue.c
      Source file:   CMSIS\RTOS2\RTX\Source\rtx_lib.c
      Source file:   CMSIS\RTOS2\RTX\Template\Timer.c
      Source file:   CMSIS\RTOS2\RTX\Source\rtx_system.c
      Source file:   CMSIS\RTOS2\RTX\Template\Semaphore.c
      Source file:   CMSIS\RTOS2\RTX\Template\MsgQueue.c
      Source file:   CMSIS\RTOS2\RTX\Source\GCC\irq_armv7m.S
      Source file:   CMSIS\RTOS2\Source\os_systick.c

   * Component: Keil.ARM Compiler::Compiler:Event Recorder:DAP:1.5.1
      Include file:  Config\EventRecorderConf.h
      Source file:   Source\EventRecorder.c
      Include file:  Include\EventRecorder.h

   * Component: Keil.ARM Compiler::Compiler:I/O:STDOUT:EVR:1.2.0
      Source file:   Source\retarget_io.c

   * Component: Keil.STM32CubeMX::Device:STM32Cube Framework:STM32CubeMX:1.4.0
      Source file:   STCubeGenerated\Src\stm32g4xx_hal_msp.c
      Include file:  STCubeGenerated\Inc\stm32g4xx_hal_conf.h
      Include file:  MX_Device.h

   * Component: Keil.STM32CubeMX::Device:STM32Cube HAL:1.4.0
      Source file:   Drivers\STM32G4xx_HAL_Driver\Src\stm32g4xx_hal.c
      Source file:   Drivers\STM32G4xx_HAL_Driver\Src\stm32g4xx_hal_cordic.c
      Source file:   Drivers\STM32G4xx_HAL_Driver\Src\stm32g4xx_hal_cortex.c
      Source file:   MDK\Driver\stm32g4xx_ll.c
      Source file:   Drivers\STM32G4xx_HAL_Driver\Src\stm32g4xx_hal_crc.c
      Source file:   Drivers\STM32G4xx_HAL_Driver\Src\stm32g4xx_hal_cryp.c
      Source file:   Drivers\STM32G4xx_HAL_Driver\Src\stm32g4xx_hal_cryp_ex.c
      Source file:   Drivers\STM32G4xx_HAL_Driver\Src\stm32g4xx_hal_dac.c
      Source file:   Drivers\STM32G4xx_HAL_Driver\Src\stm32g4xx_hal_dac_ex.c
      Source file:   Drivers\STM32G4xx_HAL_Driver\Src\stm32g4xx_hal_crc_ex.c
      Source file:   Drivers\STM32G4xx_HAL_Driver\Src\stm32g4xx_hal_dma.c
      Source file:   Drivers\STM32G4xx_HAL_Driver\Src\stm32g4xx_hal_adc.c
      Source file:   Drivers\STM32G4xx_HAL_Driver\Src\stm32g4xx_hal_adc_ex.c
      Source file:   Drivers\STM32G4xx_HAL_Driver\Src\stm32g4xx_hal_comp.c
      Source file:   Drivers\STM32G4xx_HAL_Driver\Src\stm32g4xx_hal_rtc_ex.c
      Source file:   Drivers\STM32G4xx_HAL_Driver\Src\stm32g4xx_hal_i2s.c
      Source file:   Drivers\STM32G4xx_HAL_Driver\Src\stm32g4xx_hal_dma_ex.c
      Source file:   Drivers\STM32G4xx_HAL_Driver\Src\stm32g4xx_hal_irda.c
      Source file:   Drivers\STM32G4xx_HAL_Driver\Src\stm32g4xx_hal_smartcard.c
      Source file:   Drivers\STM32G4xx_HAL_Driver\Src\stm32g4xx_hal_i2c.c
      Source file:   Drivers\STM32G4xx_HAL_Driver\Src\stm32g4xx_hal_nand.c
      Source file:   Drivers\STM32G4xx_HAL_Driver\Src\stm32g4xx_hal_pcd.c
      Source file:   Drivers\STM32G4xx_HAL_Driver\Src\stm32g4xx_hal_flash_ramfunc.c
      Source file:   Drivers\STM32G4xx_HAL_Driver\Src\stm32g4xx_hal_flash.c
      Source file:   Drivers\STM32G4xx_HAL_Driver\Src\stm32g4xx_hal_rcc.c
      Source file:   Drivers\STM32G4xx_HAL_Driver\Src\stm32g4xx_hal_sai_ex.c
      Source file:   Drivers\STM32G4xx_HAL_Driver\Src\stm32g4xx_hal_rng.c
      Source file:   Drivers\STM32G4xx_HAL_Driver\Src\stm32g4xx_hal_exti.c
      Source file:   Drivers\STM32G4xx_HAL_Driver\Src\stm32g4xx_hal_pwr_ex.c
      Source file:   Drivers\STM32G4xx_HAL_Driver\Src\stm32g4xx_hal_opamp.c
      Source file:   Drivers\STM32G4xx_HAL_Driver\Src\stm32g4xx_hal_fdcan.c
      Source file:   Drivers\STM32G4xx_HAL_Driver\Src\stm32g4xx_hal_pwr.c
      Source file:   Drivers\STM32G4xx_HAL_Driver\Src\stm32g4xx_hal_opamp_ex.c
      Source file:   Drivers\STM32G4xx_HAL_Driver\Src\stm32g4xx_hal_i2c_ex.c
      Source file:   Drivers\STM32G4xx_HAL_Driver\Src\stm32g4xx_hal_pcd_ex.c
      Source file:   Drivers\STM32G4xx_HAL_Driver\Src\stm32g4xx_hal_rcc_ex.c
      Source file:   Drivers\STM32G4xx_HAL_Driver\Src\stm32g4xx_hal_gpio.c
      Source file:   Drivers\STM32G4xx_HAL_Driver\Src\stm32g4xx_hal_qspi.c
      Source file:   Drivers\STM32G4xx_HAL_Driver\Src\stm32g4xx_hal_iwdg.c
      Source file:   Drivers\STM32G4xx_HAL_Driver\Src\stm32g4xx_hal_nor.c
      Source file:   Drivers\STM32G4xx_HAL_Driver\Src\stm32g4xx_hal_sai.c
      Source file:   Drivers\STM32G4xx_HAL_Driver\Src\stm32g4xx_hal_flash_ex.c
      Source file:   Drivers\STM32G4xx_HAL_Driver\Src\stm32g4xx_hal_fmac.c
      Source file:   Drivers\STM32G4xx_HAL_Driver\Src\stm32g4xx_hal_rtc.c
      Source file:   Drivers\STM32G4xx_HAL_Driver\Src\stm32g4xx_hal_hrtim.c
      Source file:   Drivers\STM32G4xx_HAL_Driver\Src\stm32g4xx_hal_lptim.c
      Source file:   Drivers\STM32G4xx_HAL_Driver\Src\stm32g4xx_ll_lptim.c
      Source file:   Drivers\STM32G4xx_HAL_Driver\Src\stm32g4xx_ll_crs.c
      Source file:   Drivers\STM32G4xx_HAL_Driver\Src\stm32g4xx_hal_smbus.c
      Source file:   Drivers\STM32G4xx_HAL_Driver\Src\stm32g4xx_hal_smbus_ex.c
      Source file:   Drivers\STM32G4xx_HAL_Driver\Src\stm32g4xx_hal_usart_ex.c
      Source file:   Drivers\STM32G4xx_HAL_Driver\Src\stm32g4xx_hal_wwdg.c
      Source file:   Drivers\STM32G4xx_HAL_Driver\Src\stm32g4xx_hal_uart_ex.c
      Source file:   Drivers\STM32G4xx_HAL_Driver\Src\stm32g4xx_ll_cordic.c
      Source file:   Drivers\STM32G4xx_HAL_Driver\Src\stm32g4xx_hal_tim_ex.c
      Source file:   Drivers\STM32G4xx_HAL_Driver\Src\stm32g4xx_hal_sram.c
      Source file:   Drivers\STM32G4xx_HAL_Driver\Src\stm32g4xx_hal_usart.c
      Source file:   Drivers\STM32G4xx_HAL_Driver\Src\stm32g4xx_ll_dac.c
      Source file:   Drivers\STM32G4xx_HAL_Driver\Src\stm32g4xx_ll_i2c.c
      Source file:   Drivers\STM32G4xx_HAL_Driver\Src\stm32g4xx_hal_smartcard_ex.c
      Source file:   Drivers\STM32G4xx_HAL_Driver\Src\stm32g4xx_hal_spi.c
      Source file:   Drivers\STM32G4xx_HAL_Driver\Src\stm32g4xx_ll_lpuart.c
      Source file:   Drivers\STM32G4xx_HAL_Driver\Src\stm32g4xx_hal_spi_ex.c
      Source file:   Drivers\STM32G4xx_HAL_Driver\Src\stm32g4xx_ll_crc.c
      Source file:   Drivers\STM32G4xx_HAL_Driver\Src\stm32g4xx_hal_uart.c
      Source file:   Drivers\STM32G4xx_HAL_Driver\Src\stm32g4xx_ll_opamp.c
      Source file:   Drivers\STM32G4xx_HAL_Driver\Src\stm32g4xx_ll_fmac.c
      Source file:   Drivers\STM32G4xx_HAL_Driver\Src\stm32g4xx_ll_fmc.c
      Source file:   Drivers\STM32G4xx_HAL_Driver\Src\stm32g4xx_ll_gpio.c
      Source file:   Drivers\STM32G4xx_HAL_Driver\Src\stm32g4xx_ll_pwr.c
      Source file:   Drivers\STM32G4xx_HAL_Driver\Src\stm32g4xx_ll_comp.c
      Source file:   Drivers\STM32G4xx_HAL_Driver\Src\stm32g4xx_ll_rcc.c
      Source file:   Drivers\STM32G4xx_HAL_Driver\Src\stm32g4xx_ll_rng.c
      Source file:   Drivers\STM32G4xx_HAL_Driver\Src\stm32g4xx_hal_tim.c
      Source file:   Drivers\STM32G4xx_HAL_Driver\Src\stm32g4xx_ll_adc.c
      Source file:   Drivers\STM32G4xx_HAL_Driver\Src\stm32g4xx_ll_dma.c
      Source file:   Drivers\STM32G4xx_HAL_Driver\Src\stm32g4xx_ll_exti.c
      Source file:   Drivers\STM32G4xx_HAL_Driver\Src\stm32g4xx_ll_hrtim.c
      Source file:   Drivers\STM32G4xx_HAL_Driver\Src\stm32g4xx_ll_spi.c
      Source file:   Drivers\STM32G4xx_HAL_Driver\Src\stm32g4xx_ll_tim.c
      Source file:   Drivers\STM32G4xx_HAL_Driver\Src\stm32g4xx_ll_usart.c
      Source file:   Drivers\STM32G4xx_HAL_Driver\Src\stm32g4xx_ll_ucpd.c
      Source file:   Drivers\STM32G4xx_HAL_Driver\Src\stm32g4xx_ll_rtc.c
      Source file:   Drivers\STM32G4xx_HAL_Driver\Src\stm32g4xx_ll_usb.c
      Source file:   Drivers\STM32G4xx_HAL_Driver\Src\stm32g4xx_ll_utils.c

   * Component: Keil.STM32CubeMX::Device:Startup:1.4.0
      Source file:   STCubeGenerated\Src\system_stm32g4xx.c
      Source file:   STCubeGenerated\MDK-ARM\startup_stm32g474xx.s
Build Time Elapsed:  00:00:03
</pre>
</body>
</html>
